2026-08-25 12:20:45,251 DEBUG                                          [] [] []
							[] [REST] => Loading appzillon-server_commons.properties.
2026-08-25 12:20:45,274 DEBUG                                          [] [] []
							[] [REST] => Property utils for this commons app id is already initialized
2026-08-25 12:20:45,276 DEBUG class com.iexceed.appzillon.securityutils.RSACryptoUtils [] [] []
							[] [RESTFull Services] => Encryption Required :N Encryption flag in http request object: null
2026-08-25 12:20:45,495 DEBUG                                          [] [] []
							[] [REST] => Loading appzillon-server_Checke.properties.
2026-08-25 12:20:45,502 DEBUG                                          [] [] []
							[] [REST] => Property utils for this Checke app id is already initialized
2026-08-25 12:20:45,503 DEBUG class com.iexceed.appzillon.securityutils.RSACryptoUtils [] [] []
							[] [RESTFull Services] => replayAttackFlag for request:null
2026-08-25 12:20:45,508 DEBUG class com.iexceed.appzillon.securityutils.RSACryptoUtils [] [] []
							[] [RESTFull Services] => Decrypted inputString:{\"appzillonHeader\":{\"appId\":\"Checke\",\"sessionId\":\"\",\"deviceId\":\"WEB\",\"requestId\":\"CSNONCE\",\"async\":false,\"userId\":null,\"screenId\":\"\",\"status\":true,\"source\":\"APPZILLON\",\"interfaceId\":\"appzillonGetAppSecTokens\",\"os\":\"SIMULATOR\",\"origination\":\"0:0:0:0:0:0:0:1\",\"authToken\":\"\",\"isTokenRefreshed\":\"\",\"txnRefNo\":\"52afff36-f291-474b-b36b-2a1e0cda7ade\"},\"appzillonBody\":{\"appzillonGetAppSecTokensRequest\":{\"appId\":\"Checke\",\"deviceId\":\"7BC978ECF7ECB3090C65848D0332B427\"}}}
2026-08-25 12:32:41,661 DEBUG                                          [APPID:Checke] [OSTYPE:SIMULATOR] [TXNREF:52afff36-f291-474b-b36b-2a1e0cda7ade]
							[USERID:null] [REST] => Loading appzillon-server_commons.properties.
2026-08-25 12:32:41,674 DEBUG                                          [APPID:Checke] [OSTYPE:SIMULATOR] [TXNREF:52afff36-f291-474b-b36b-2a1e0cda7ade]
							[USERID:null] [REST] => Property utils for this commons app id is already initialized
2026-08-25 12:32:41,674 DEBUG class com.iexceed.appzillon.securityutils.RSACryptoUtils [APPID:Checke] [OSTYPE:SIMULATOR] [TXNREF:52afff36-f291-474b-b36b-2a1e0cda7ade]
							[USERID:null] [RESTFull Services] => Encryption Required :N Encryption flag in http request object: null
2026-08-25 12:32:41,675 DEBUG                                          [APPID:Checke] [OSTYPE:SIMULATOR] [TXNREF:52afff36-f291-474b-b36b-2a1e0cda7ade]
							[USERID:null] [REST] => Loading appzillon-server_Checke.properties.
2026-08-25 12:32:41,677 DEBUG                                          [APPID:Checke] [OSTYPE:SIMULATOR] [TXNREF:52afff36-f291-474b-b36b-2a1e0cda7ade]
							[USERID:null] [REST] => Property utils for this Checke app id is already initialized
2026-08-25 12:32:41,677 DEBUG class com.iexceed.appzillon.securityutils.RSACryptoUtils [APPID:Checke] [OSTYPE:SIMULATOR] [TXNREF:52afff36-f291-474b-b36b-2a1e0cda7ade]
							[USERID:null] [RESTFull Services] => replayAttackFlag for request:null
2026-08-25 12:32:41,677 DEBUG class com.iexceed.appzillon.securityutils.RSACryptoUtils [APPID:Checke] [OSTYPE:SIMULATOR] [TXNREF:52afff36-f291-474b-b36b-2a1e0cda7ade]
							[USERID:null] [RESTFull Services] => Decrypted inputString:{\"appzillonHeader\":{\"appId\":\"Checke\",\"sessionId\":\"\",\"deviceId\":\"WEB\",\"requestId\":\"CSNONCE\",\"async\":false,\"userId\":null,\"screenId\":\"\",\"status\":true,\"source\":\"APPZILLON\",\"interfaceId\":\"appzillonGetAppSecTokens\",\"os\":\"SIMULATOR\",\"origination\":\"0:0:0:0:0:0:0:1\",\"authToken\":\"\",\"isTokenRefreshed\":\"\",\"txnRefNo\":\"8cda1dc7-6622-4f8e-8f8b-440b2120da31\"},\"appzillonBody\":{\"appzillonGetAppSecTokensRequest\":{\"appId\":\"Checke\",\"deviceId\":\"12131EBDB72CF92916FCF0D0A3B0C335\"}}}
2026-08-25 12:32:49,973 DEBUG                                          [] [] []
							[] [REST] => Loading appzillon-server_commons.properties.
2026-08-25 12:32:49,977 DEBUG                                          [] [] []
							[] [REST] => Property utils for this commons app id is already initialized
2026-08-25 12:32:49,978 DEBUG class com.iexceed.appzillon.securityutils.RSACryptoUtils [] [] []
							[] [RESTFull Services] => Encryption Required :N Encryption flag in http request object: null
2026-08-25 12:32:49,979 DEBUG                                          [] [] []
							[] [REST] => Loading appzillon-server_Checke.properties.
2026-08-25 12:32:49,979 DEBUG                                          [] [] []
							[] [REST] => Property utils for this Checke app id is already initialized
2026-08-25 12:32:49,981 DEBUG class com.iexceed.appzillon.securityutils.RSACryptoUtils [] [] []
							[] [RESTFull Services] => replayAttackFlag for request:null
2026-08-25 12:32:49,981 DEBUG class com.iexceed.appzillon.securityutils.RSACryptoUtils [] [] []
							[] [RESTFull Services] => Decrypted inputString:{\"appzillonHeader\":{\"appId\":\"Checke\",\"sessionId\":\"\",\"deviceId\":\"WEB\",\"requestId\":\"PROC_2\",\"async\":false,\"userId\":null,\"status\":true,\"source\":\"APPZILLON\",\"interfaceId\":\"Checke__CreateBeneficiary\",\"os\":\"WEB\",\"clientNonce\":\"NLcNglPyNm\",\"serverNonce\":\"46woyO5L88EiN6JYCyVr9MiV1787641361723\",\"origination\":\"0:0:0:0:0:0:0:1\",\"authToken\":\"\",\"isTokenRefreshed\":\"\",\"requestKey\":\"\",\"txnRefNo\":\"4f9c97ec-0bd9-464e-8d32-b2a5a23511fd\",\"sessionToken\":\"MTIxMzFFQkRCNzJDRjkyOTE2RkNGMEQwQTNCMEMzMzV+Q2hlY2tl\"},\"appzillonBody\":{\"beneficiaryName\":\"John\",\"accountNumber\":\"1234567890\",\"bankName\":\"ABC Bank\",\"ifscCode\":\"ABC0001234\",\"createdBy\":1}}
2026-08-25 12:39:01,499 DEBUG                                          [] [] []
							[] [REST] => Loading appzillon-server_commons.properties.
2026-08-25 12:39:01,530 DEBUG                                          [] [] []
							[] [REST] => Property utils for this commons app id is already initialized
2026-08-25 12:39:01,530 DEBUG class com.iexceed.appzillon.securityutils.RSACryptoUtils [] [] []
							[] [RESTFull Services] => Encryption Required :N Encryption flag in http request object: null
2026-08-25 12:39:01,532 DEBUG                                          [] [] []
							[] [REST] => Loading appzillon-server_Checke.properties.
2026-08-25 12:39:01,532 DEBUG                                          [] [] []
							[] [REST] => Property utils for this Checke app id is already initialized
2026-08-25 12:39:01,532 DEBUG class com.iexceed.appzillon.securityutils.RSACryptoUtils [] [] []
							[] [RESTFull Services] => replayAttackFlag for request:null
2026-08-25 12:39:01,532 DEBUG class com.iexceed.appzillon.securityutils.RSACryptoUtils [] [] []
							[] [RESTFull Services] => Decrypted inputString:{\"appzillonHeader\":{\"appId\":\"Checke\",\"sessionId\":\"\",\"deviceId\":\"WEB\",\"requestId\":\"CSNONCE\",\"async\":false,\"userId\":null,\"screenId\":\"\",\"status\":true,\"source\":\"APPZILLON\",\"interfaceId\":\"appzillonGetAppSecTokens\",\"os\":\"SIMULATOR\",\"origination\":\"0:0:0:0:0:0:0:1\",\"authToken\":\"\",\"isTokenRefreshed\":\"\",\"txnRefNo\":\"4ba300ce-2a35-4d5c-95cb-e53b97db0ad0\"},\"appzillonBody\":{\"appzillonGetAppSecTokensRequest\":{\"appId\":\"Checke\",\"deviceId\":\"477BF839429987EA4F437567A8D18E08\"}}}
2026-08-25 12:39:15,157 DEBUG                                          [] [] []
							[] [REST] => Loading appzillon-server_commons.properties.
2026-08-25 12:39:15,157 DEBUG                                          [] [] []
							[] [REST] => Property utils for this commons app id is already initialized
2026-08-25 12:39:15,157 DEBUG class com.iexceed.appzillon.securityutils.RSACryptoUtils [] [] []
							[] [RESTFull Services] => Encryption Required :N Encryption flag in http request object: null
2026-08-25 12:39:15,158 DEBUG                                          [] [] []
							[] [REST] => Loading appzillon-server_Checke.properties.
2026-08-25 12:39:15,160 DEBUG                                          [] [] []
							[] [REST] => Property utils for this Checke app id is already initialized
2026-08-25 12:39:15,160 DEBUG class com.iexceed.appzillon.securityutils.RSACryptoUtils [] [] []
							[] [RESTFull Services] => replayAttackFlag for request:null
2026-08-25 12:39:15,160 DEBUG class com.iexceed.appzillon.securityutils.RSACryptoUtils [] [] []
							[] [RESTFull Services] => Decrypted inputString:{\"appzillonHeader\":{\"appId\":\"Checke\",\"sessionId\":\"\",\"deviceId\":\"WEB\",\"requestId\":\"PROC_2\",\"async\":false,\"userId\":null,\"status\":true,\"source\":\"APPZILLON\",\"interfaceId\":\"Checke__CreateBeneficiary\",\"os\":\"WEB\",\"clientNonce\":\"xDEzXNxkAN\",\"serverNonce\":\"LhajPMzfLb9v7G3KxrWIq9691787641741568\",\"origination\":\"0:0:0:0:0:0:0:1\",\"authToken\":\"\",\"isTokenRefreshed\":\"\",\"requestKey\":\"\",\"txnRefNo\":\"39d4f758-224f-40d3-959d-fe35c3018465\",\"sessionToken\":\"NDc3QkY4Mzk0Mjk5ODdFQTRGNDM3NTY3QThEMThFMDh+Q2hlY2tl\"},\"appzillonBody\":{\"beneficiaryName\":\"John\",\"accountNumber\":\"1234567890\",\"bankName\":\"ABC Bank\",\"ifscCode\":\"ABC0001234\",\"createdBy\":1}}
2026-08-25 12:39:37,104 DEBUG                                          [] [] []
							[] [REST] => Loading appzillon-server_commons.properties.
2026-08-25 12:39:37,104 DEBUG                                          [] [] []
							[] [REST] => Property utils for this commons app id is already initialized
2026-08-25 12:39:37,105 DEBUG class com.iexceed.appzillon.securityutils.RSACryptoUtils [] [] []
							[] [RESTFull Services] => Encryption Required :N Encryption flag in http request object: null
2026-08-25 12:39:37,107 DEBUG                                          [] [] []
							[] [REST] => Loading appzillon-server_Checke.properties.
2026-08-25 12:39:37,107 DEBUG                                          [] [] []
							[] [REST] => Property utils for this Checke app id is already initialized
2026-08-25 12:39:37,107 DEBUG class com.iexceed.appzillon.securityutils.RSACryptoUtils [] [] []
							[] [RESTFull Services] => replayAttackFlag for request:null
2026-08-25 12:39:37,108 DEBUG class com.iexceed.appzillon.securityutils.RSACryptoUtils [] [] []
							[] [RESTFull Services] => Decrypted inputString:{\"appzillonHeader\":{\"appId\":\"Checke\",\"sessionId\":\"\",\"deviceId\":\"WEB\",\"requestId\":\"PROC_5\",\"async\":false,\"userId\":null,\"status\":true,\"source\":\"APPZILLON\",\"interfaceId\":\"Checke__getAllBeneficiary\",\"os\":\"WEB\",\"clientNonce\":\"XzcivpDrpm\",\"serverNonce\":\"LhajPMzfLb9v7G3KxrWIq9691787641741568\",\"origination\":\"0:0:0:0:0:0:0:1\",\"authToken\":\"\",\"isTokenRefreshed\":\"\",\"requestKey\":\"\",\"txnRefNo\":\"dbb9d1ee-f403-4873-99a7-742ac640bab5\",\"sessionToken\":\"NDc3QkY4Mzk0Mjk5ODdFQTRGNDM3NTY3QThEMThFMDh+Q2hlY2tl\"},\"appzillonBody\":{\"userId\":1}}
2026-08-25 12:40:00,970 DEBUG                                          [] [] []
							[] [REST] => Loading appzillon-server_commons.properties.
2026-08-25 12:40:00,970 DEBUG                                          [] [] []
							[] [REST] => Property utils for this commons app id is already initialized
2026-08-25 12:40:00,970 DEBUG class com.iexceed.appzillon.securityutils.RSACryptoUtils [] [] []
							[] [RESTFull Services] => Encryption Required :N Encryption flag in http request object: null
2026-08-25 12:40:00,971 DEBUG                                          [] [] []
							[] [REST] => Loading appzillon-server_Checke.properties.
2026-08-25 12:40:00,971 DEBUG                                          [] [] []
							[] [REST] => Property utils for this Checke app id is already initialized
2026-08-25 12:40:00,971 DEBUG class com.iexceed.appzillon.securityutils.RSACryptoUtils [] [] []
							[] [RESTFull Services] => replayAttackFlag for request:null
2026-08-25 12:40:00,971 DEBUG class com.iexceed.appzillon.securityutils.RSACryptoUtils [] [] []
							[] [RESTFull Services] => Decrypted inputString:{\"appzillonHeader\":{\"appId\":\"Checke\",\"sessionId\":\"\",\"deviceId\":\"WEB\",\"requestId\":\"PROC_2\",\"async\":false,\"userId\":null,\"status\":true,\"source\":\"APPZILLON\",\"interfaceId\":\"Checke__getAccounts\",\"os\":\"WEB\",\"clientNonce\":\"KetrvuRMMl\",\"serverNonce\":\"LhajPMzfLb9v7G3KxrWIq9691787641741568\",\"origination\":\"0:0:0:0:0:0:0:1\",\"authToken\":\"\",\"isTokenRefreshed\":\"\",\"requestKey\":\"\",\"txnRefNo\":\"ba702bb6-c855-4ad5-a2c0-8df306412f3e\",\"sessionToken\":\"NDc3QkY4Mzk0Mjk5ODdFQTRGNDM3NTY3QThEMThFMDh+Q2hlY2tl\"},\"appzillonBody\":{\"userId\":1}}
2026-08-25 12:40:03,006 DEBUG                                          [APPID:Checke] [OSTYPE:WEB] [TXNREF:ba702bb6-c855-4ad5-a2c0-8df306412f3e]
							[USERID:null] [REST] => Loading appzillon-server_commons.properties.
2026-08-25 12:40:03,007 DEBUG                                          [APPID:Checke] [OSTYPE:WEB] [TXNREF:ba702bb6-c855-4ad5-a2c0-8df306412f3e]
							[USERID:null] [REST] => Property utils for this commons app id is already initialized
2026-08-25 12:40:03,007 DEBUG class com.iexceed.appzillon.securityutils.RSACryptoUtils [APPID:Checke] [OSTYPE:WEB] [TXNREF:ba702bb6-c855-4ad5-a2c0-8df306412f3e]
							[USERID:null] [RESTFull Services] => Encryption Required :N Encryption flag in http request object: null
2026-08-25 12:40:03,007 DEBUG                                          [APPID:Checke] [OSTYPE:WEB] [TXNREF:ba702bb6-c855-4ad5-a2c0-8df306412f3e]
							[USERID:null] [REST] => Loading appzillon-server_Checke.properties.
2026-08-25 12:40:03,008 DEBUG                                          [APPID:Checke] [OSTYPE:WEB] [TXNREF:ba702bb6-c855-4ad5-a2c0-8df306412f3e]
							[USERID:null] [REST] => Property utils for this Checke app id is already initialized
2026-08-25 12:40:03,008 DEBUG class com.iexceed.appzillon.securityutils.RSACryptoUtils [APPID:Checke] [OSTYPE:WEB] [TXNREF:ba702bb6-c855-4ad5-a2c0-8df306412f3e]
							[USERID:null] [RESTFull Services] => replayAttackFlag for request:null
2026-08-25 12:40:03,008 DEBUG class com.iexceed.appzillon.securityutils.RSACryptoUtils [APPID:Checke] [OSTYPE:WEB] [TXNREF:ba702bb6-c855-4ad5-a2c0-8df306412f3e]
							[USERID:null] [RESTFull Services] => Decrypted inputString:{\"appzillonHeader\":{\"appId\":\"Checke\",\"sessionId\":\"\",\"deviceId\":\"WEB\",\"requestId\":\"PROC_5\",\"async\":false,\"userId\":null,\"status\":true,\"source\":\"APPZILLON\",\"interfaceId\":\"Checke__getAllBeneficiary\",\"os\":\"WEB\",\"clientNonce\":\"KfoEbAeaQY\",\"serverNonce\":\"LhajPMzfLb9v7G3KxrWIq9691787641741568\",\"origination\":\"0:0:0:0:0:0:0:1\",\"authToken\":\"\",\"isTokenRefreshed\":\"\",\"requestKey\":\"\",\"txnRefNo\":\"8f304fdc-75eb-4a20-822d-d8afbf532a0c\",\"sessionToken\":\"NDc3QkY4Mzk0Mjk5ODdFQTRGNDM3NTY3QThEMThFMDh+Q2hlY2tl\"},\"appzillonBody\":{\"userId\":1}}
2026-08-25 12:40:04,171 DEBUG                                          [APPID:Checke] [OSTYPE:WEB] [TXNREF:dbb9d1ee-f403-4873-99a7-742ac640bab5]
							[USERID:null] [REST] => Loading appzillon-server_commons.properties.
2026-08-25 12:40:04,171 DEBUG                                          [APPID:Checke] [OSTYPE:WEB] [TXNREF:dbb9d1ee-f403-4873-99a7-742ac640bab5]
							[USERID:null] [REST] => Property utils for this commons app id is already initialized
2026-08-25 12:40:04,171 DEBUG class com.iexceed.appzillon.securityutils.RSACryptoUtils [APPID:Checke] [OSTYPE:WEB] [TXNREF:dbb9d1ee-f403-4873-99a7-742ac640bab5]
							[USERID:null] [RESTFull Services] => Encryption Required :N Encryption flag in http request object: null
2026-08-25 12:40:04,187 DEBUG                                          [APPID:Checke] [OSTYPE:WEB] [TXNREF:dbb9d1ee-f403-4873-99a7-742ac640bab5]
							[USERID:null] [REST] => Loading appzillon-server_Checke.properties.
2026-08-25 12:40:04,187 DEBUG                                          [APPID:Checke] [OSTYPE:WEB] [TXNREF:dbb9d1ee-f403-4873-99a7-742ac640bab5]
							[USERID:null] [REST] => Property utils for this Checke app id is already initialized
2026-08-25 12:40:04,187 DEBUG class com.iexceed.appzillon.securityutils.RSACryptoUtils [APPID:Checke] [OSTYPE:WEB] [TXNREF:dbb9d1ee-f403-4873-99a7-742ac640bab5]
							[USERID:null] [RESTFull Services] => replayAttackFlag for request:null
2026-08-25 12:40:04,187 DEBUG class com.iexceed.appzillon.securityutils.RSACryptoUtils [APPID:Checke] [OSTYPE:WEB] [TXNREF:dbb9d1ee-f403-4873-99a7-742ac640bab5]
							[USERID:null] [RESTFull Services] => Decrypted inputString:{\"appzillonHeader\":{\"appId\":\"Checke\",\"sessionId\":\"\",\"deviceId\":\"WEB\",\"requestId\":\"PROC_8\",\"async\":false,\"userId\":null,\"status\":true,\"source\":\"APPZILLON\",\"interfaceId\":\"Checke__getAllBeneficiary\",\"os\":\"WEB\",\"clientNonce\":\"aesrXHbhlp\",\"serverNonce\":\"LhajPMzfLb9v7G3KxrWIq9691787641741568\",\"origination\":\"0:0:0:0:0:0:0:1\",\"authToken\":\"\",\"isTokenRefreshed\":\"\",\"requestKey\":\"\",\"txnRefNo\":\"ffdf60b4-66eb-4457-8e99-d06c922a56b9\",\"sessionToken\":\"NDc3QkY4Mzk0Mjk5ODdFQTRGNDM3NTY3QThEMThFMDh+Q2hlY2tl\"},\"appzillonBody\":{}}
2026-08-25 12:43:27,083 DEBUG                                          [] [] []
							[] [REST] => Loading appzillon-server_commons.properties.
2026-08-25 12:43:27,093 DEBUG                                          [] [] []
							[] [REST] => Property utils for this commons app id is already initialized
2026-08-25 12:43:27,094 DEBUG class com.iexceed.appzillon.securityutils.RSACryptoUtils [] [] []
							[] [RESTFull Services] => Encryption Required :N Encryption flag in http request object: null
2026-08-25 12:43:27,235 DEBUG                                          [] [] []
							[] [REST] => Loading appzillon-server_Checke.properties.
2026-08-25 12:43:27,235 DEBUG                                          [] [] []
							[] [REST] => Property utils for this Checke app id is already initialized
2026-08-25 12:43:27,235 DEBUG class com.iexceed.appzillon.securityutils.RSACryptoUtils [] [] []
							[] [RESTFull Services] => replayAttackFlag for request:null
2026-08-25 12:43:27,237 DEBUG class com.iexceed.appzillon.securityutils.RSACryptoUtils [] [] []
							[] [RESTFull Services] => Decrypted inputString:{\"appzillonHeader\":{\"appId\":\"Checke\",\"sessionId\":\"\",\"deviceId\":\"WEB\",\"requestId\":\"CSNONCE\",\"async\":false,\"userId\":null,\"screenId\":\"\",\"status\":true,\"source\":\"APPZILLON\",\"interfaceId\":\"appzillonGetAppSecTokens\",\"os\":\"SIMULATOR\",\"origination\":\"0:0:0:0:0:0:0:1\",\"authToken\":\"\",\"isTokenRefreshed\":\"\",\"txnRefNo\":\"1c19de53-fdc9-4b2b-858a-9fa67918ea26\"},\"appzillonBody\":{\"appzillonGetAppSecTokensRequest\":{\"appId\":\"Checke\",\"deviceId\":\"0B85BA971766857A3179CB53ADAB2472\"}}}
2026-08-25 12:43:40,049 DEBUG                                          [] [] []
							[] [REST] => Loading appzillon-server_commons.properties.
2026-08-25 12:43:40,055 DEBUG                                          [] [] []
							[] [REST] => Property utils for this commons app id is already initialized
2026-08-25 12:43:40,055 DEBUG class com.iexceed.appzillon.securityutils.RSACryptoUtils [] [] []
							[] [RESTFull Services] => Encryption Required :N Encryption flag in http request object: null
2026-08-25 12:43:40,057 DEBUG                                          [] [] []
							[] [REST] => Loading appzillon-server_Checke.properties.
2026-08-25 12:43:40,057 DEBUG                                          [] [] []
							[] [REST] => Property utils for this Checke app id is already initialized
2026-08-25 12:43:40,057 DEBUG class com.iexceed.appzillon.securityutils.RSACryptoUtils [] [] []
							[] [RESTFull Services] => replayAttackFlag for request:null
2026-08-25 12:43:40,057 DEBUG class com.iexceed.appzillon.securityutils.RSACryptoUtils [] [] []
							[] [RESTFull Services] => Decrypted inputString:{\"appzillonHeader\":{\"appId\":\"Checke\",\"sessionId\":\"\",\"deviceId\":\"WEB\",\"requestId\":\"PROC_2\",\"async\":false,\"userId\":null,\"status\":true,\"source\":\"APPZILLON\",\"interfaceId\":\"Checke__getAllBeneficiary\",\"os\":\"WEB\",\"clientNonce\":\"IDjlZCckxv\",\"serverNonce\":\"vj5CTFIt52rC9hHDLuuirVwP1787642009020\",\"origination\":\"0:0:0:0:0:0:0:1\",\"authToken\":\"\",\"isTokenRefreshed\":\"\",\"requestKey\":\"\",\"txnRefNo\":\"8fc284ec-d6ea-4cf0-84f0-9bcf5c226946\",\"sessionToken\":\"MEI4NUJBOTcxNzY2ODU3QTMxNzlDQjUzQURBQjI0NzJ+Q2hlY2tl\"},\"appzillonBody\":{\"userId\":1}}
2026-08-25 12:43:46,373 DEBUG                                          [] [] []
							[] [REST] => Loading appzillon-server_commons.properties.
2026-08-25 12:43:46,378 DEBUG                                          [] [] []
							[] [REST] => Property utils for this commons app id is already initialized
2026-08-25 12:43:46,379 DEBUG class com.iexceed.appzillon.securityutils.RSACryptoUtils [] [] []
							[] [RESTFull Services] => Encryption Required :N Encryption flag in http request object: null
2026-08-25 12:43:46,379 DEBUG                                          [] [] []
							[] [REST] => Loading appzillon-server_Checke.properties.
2026-08-25 12:43:46,379 DEBUG                                          [] [] []
							[] [REST] => Property utils for this Checke app id is already initialized
2026-08-25 12:43:46,379 DEBUG class com.iexceed.appzillon.securityutils.RSACryptoUtils [] [] []
							[] [RESTFull Services] => replayAttackFlag for request:null
2026-08-25 12:43:46,379 DEBUG class com.iexceed.appzillon.securityutils.RSACryptoUtils [] [] []
							[] [RESTFull Services] => Decrypted inputString:{\"appzillonHeader\":{\"appId\":\"Checke\",\"sessionId\":\"\",\"deviceId\":\"WEB\",\"requestId\":\"PROC_5\",\"async\":false,\"userId\":null,\"status\":true,\"source\":\"APPZILLON\",\"interfaceId\":\"Checke__CreateBeneficiary\",\"os\":\"WEB\",\"clientNonce\":\"mLZBItmsgJ\",\"serverNonce\":\"vj5CTFIt52rC9hHDLuuirVwP1787642009020\",\"origination\":\"0:0:0:0:0:0:0:1\",\"authToken\":\"\",\"isTokenRefreshed\":\"\",\"requestKey\":\"\",\"txnRefNo\":\"fac03236-a8b9-4b01-a8af-f4f9b1e59748\",\"sessionToken\":\"MEI4NUJBOTcxNzY2ODU3QTMxNzlDQjUzQURBQjI0NzJ+Q2hlY2tl\"},\"appzillonBody\":{\"beneficiaryName\":\"John\",\"accountNumber\":\"1234567890\",\"bankName\":\"ABC Bank\",\"ifscCode\":\"ABC0001234\",\"createdBy\":1}}
2026-08-25 12:44:02,471 DEBUG                                          [] [] []
							[] [REST] => Loading appzillon-server_commons.properties.
2026-08-25 12:44:02,472 DEBUG                                          [] [] []
							[] [REST] => Property utils for this commons app id is already initialized
2026-08-25 12:44:02,472 DEBUG class com.iexceed.appzillon.securityutils.RSACryptoUtils [] [] []
							[] [RESTFull Services] => Encryption Required :N Encryption flag in http request object: null
2026-08-25 12:44:02,473 DEBUG                                          [] [] []
							[] [REST] => Loading appzillon-server_Checke.properties.
2026-08-25 12:44:02,473 DEBUG                                          [] [] []
							[] [REST] => Property utils for this Checke app id is already initialized
2026-08-25 12:44:02,473 DEBUG class com.iexceed.appzillon.securityutils.RSACryptoUtils [] [] []
							[] [RESTFull Services] => replayAttackFlag for request:null
2026-08-25 12:44:02,473 DEBUG class com.iexceed.appzillon.securityutils.RSACryptoUtils [] [] []
							[] [RESTFull Services] => Decrypted inputString:{\"appzillonHeader\":{\"appId\":\"Checke\",\"sessionId\":\"\",\"deviceId\":\"WEB\",\"requestId\":\"PROC_8\",\"async\":false,\"userId\":null,\"status\":true,\"source\":\"APPZILLON\",\"interfaceId\":\"Checke__CreateBeneficiary\",\"os\":\"WEB\",\"clientNonce\":\"ytvwqinoWM\",\"serverNonce\":\"vj5CTFIt52rC9hHDLuuirVwP1787642009020\",\"origination\":\"0:0:0:0:0:0:0:1\",\"authToken\":\"\",\"isTokenRefreshed\":\"\",\"requestKey\":\"\",\"txnRefNo\":\"0ca45d62-ca66-4714-b12d-3ae4e56bf2bc\",\"sessionToken\":\"MEI4NUJBOTcxNzY2ODU3QTMxNzlDQjUzQURBQjI0NzJ+Q2hlY2tl\"},\"appzillonBody\":{\"beneficiaryName\":\"John\",\"accountNumber\":\"1234567890\",\"bankName\":\"ABC Bank\",\"ifscCode\":\"ABC0001234\",\"createdBy\":1}}
2026-08-25 12:44:28,647 DEBUG                                          [] [] []
							[] [REST] => Loading appzillon-server_commons.properties.
2026-08-25 12:44:28,647 DEBUG                                          [] [] []
							[] [REST] => Property utils for this commons app id is already initialized
2026-08-25 12:44:28,647 DEBUG class com.iexceed.appzillon.securityutils.RSACryptoUtils [] [] []
							[] [RESTFull Services] => Encryption Required :N Encryption flag in http request object: null
2026-08-25 12:44:28,649 DEBUG                                          [] [] []
							[] [REST] => Loading appzillon-server_Checke.properties.
2026-08-25 12:44:28,649 DEBUG                                          [] [] []
							[] [REST] => Property utils for this Checke app id is already initialized
2026-08-25 12:44:28,650 DEBUG class com.iexceed.appzillon.securityutils.RSACryptoUtils [] [] []
							[] [RESTFull Services] => replayAttackFlag for request:null
2026-08-25 12:44:28,650 DEBUG class com.iexceed.appzillon.securityutils.RSACryptoUtils [] [] []
							[] [RESTFull Services] => Decrypted inputString:{\"appzillonHeader\":{\"appId\":\"Checke\",\"sessionId\":\"\",\"deviceId\":\"WEB\",\"requestId\":\"PROC_2\",\"async\":false,\"userId\":null,\"status\":true,\"source\":\"APPZILLON\",\"interfaceId\":\"Checke__CreateBeneficiary\",\"os\":\"WEB\",\"clientNonce\":\"HppIaUpvcW\",\"serverNonce\":\"vj5CTFIt52rC9hHDLuuirVwP1787642009020\",\"origination\":\"0:0:0:0:0:0:0:1\",\"authToken\":\"\",\"isTokenRefreshed\":\"\",\"requestKey\":\"\",\"txnRefNo\":\"547ddd8d-be03-4668-9762-f17a55c056df\",\"sessionToken\":\"MEI4NUJBOTcxNzY2ODU3QTMxNzlDQjUzQURBQjI0NzJ+Q2hlY2tl\"},\"appzillonBody\":{\"beneficiaryName\":\"John\",\"accountNumber\":\"1234567890\",\"bankName\":\"ABC Bank\",\"ifscCode\":\"ABC0001234\",\"createdBy\":3}}
2026-08-25 12:45:44,223 DEBUG                                          [APPID:Checke] [OSTYPE:WEB] [TXNREF:0ca45d62-ca66-4714-b12d-3ae4e56bf2bc]
							[USERID:null] [REST] => Loading appzillon-server_commons.properties.
2026-08-25 12:45:44,223 DEBUG                                          [APPID:Checke] [OSTYPE:WEB] [TXNREF:0ca45d62-ca66-4714-b12d-3ae4e56bf2bc]
							[USERID:null] [REST] => Property utils for this commons app id is already initialized
2026-08-25 12:45:44,223 DEBUG class com.iexceed.appzillon.securityutils.RSACryptoUtils [APPID:Checke] [OSTYPE:WEB] [TXNREF:0ca45d62-ca66-4714-b12d-3ae4e56bf2bc]
							[USERID:null] [RESTFull Services] => Encryption Required :N Encryption flag in http request object: null
2026-08-25 12:45:44,224 DEBUG                                          [APPID:Checke] [OSTYPE:WEB] [TXNREF:0ca45d62-ca66-4714-b12d-3ae4e56bf2bc]
							[USERID:null] [REST] => Loading appzillon-server_Checke.properties.
2026-08-25 12:45:44,224 DEBUG                                          [APPID:Checke] [OSTYPE:WEB] [TXNREF:0ca45d62-ca66-4714-b12d-3ae4e56bf2bc]
							[USERID:null] [REST] => Property utils for this Checke app id is already initialized
2026-08-25 12:45:44,224 DEBUG class com.iexceed.appzillon.securityutils.RSACryptoUtils [APPID:Checke] [OSTYPE:WEB] [TXNREF:0ca45d62-ca66-4714-b12d-3ae4e56bf2bc]
							[USERID:null] [RESTFull Services] => replayAttackFlag for request:null
2026-08-25 12:45:44,224 DEBUG class com.iexceed.appzillon.securityutils.RSACryptoUtils [APPID:Checke] [OSTYPE:WEB] [TXNREF:0ca45d62-ca66-4714-b12d-3ae4e56bf2bc]
							[USERID:null] [RESTFull Services] => Decrypted inputString:{\"appzillonHeader\":{\"appId\":\"Checke\",\"sessionId\":\"\",\"deviceId\":\"WEB\",\"requestId\":\"PROC_2\",\"async\":false,\"userId\":null,\"status\":true,\"source\":\"APPZILLON\",\"interfaceId\":\"Checke__CreateBeneficiary\",\"os\":\"WEB\",\"clientNonce\":\"HqAhdejNhw\",\"serverNonce\":\"vj5CTFIt52rC9hHDLuuirVwP1787642009020\",\"origination\":\"0:0:0:0:0:0:0:1\",\"authToken\":\"\",\"isTokenRefreshed\":\"\",\"requestKey\":\"\",\"txnRefNo\":\"1d89bc0b-ed12-4e49-a6ed-efbfad6343cc\",\"sessionToken\":\"MEI4NUJBOTcxNzY2ODU3QTMxNzlDQjUzQURBQjI0NzJ+Q2hlY2tl\"},\"appzillonBody\":{\"beneficiaryName\":\"John\",\"accountNumber\":\"1234567897\",\"bankName\":\"ABC Bank\",\"ifscCode\":\"ABC0001233\",\"createdBy\":2}}
2026-08-25 12:45:50,730 DEBUG                                          [] [] []
							[] [REST] => Loading appzillon-server_commons.properties.
2026-08-25 12:45:50,730 DEBUG                                          [] [] []
							[] [REST] => Property utils for this commons app id is already initialized
2026-08-25 12:45:50,730 DEBUG class com.iexceed.appzillon.securityutils.RSACryptoUtils [] [] []
							[] [RESTFull Services] => Encryption Required :N Encryption flag in http request object: null
2026-08-25 12:45:50,735 DEBUG                                          [] [] []
							[] [REST] => Loading appzillon-server_Checke.properties.
2026-08-25 12:45:50,735 DEBUG                                          [] [] []
							[] [REST] => Property utils for this Checke app id is already initialized
2026-08-25 12:45:50,735 DEBUG class com.iexceed.appzillon.securityutils.RSACryptoUtils [] [] []
							[] [RESTFull Services] => replayAttackFlag for request:null
2026-08-25 12:45:50,735 DEBUG class com.iexceed.appzillon.securityutils.RSACryptoUtils [] [] []
							[] [RESTFull Services] => Decrypted inputString:{\"appzillonHeader\":{\"appId\":\"Checke\",\"sessionId\":\"\",\"deviceId\":\"WEB\",\"requestId\":\"PROC_5\",\"async\":false,\"userId\":null,\"status\":true,\"source\":\"APPZILLON\",\"interfaceId\":\"Checke__getAllBeneficiary\",\"os\":\"WEB\",\"clientNonce\":\"OCPdbiVRrQ\",\"serverNonce\":\"vj5CTFIt52rC9hHDLuuirVwP1787642009020\",\"origination\":\"0:0:0:0:0:0:0:1\",\"authToken\":\"\",\"isTokenRefreshed\":\"\",\"requestKey\":\"\",\"txnRefNo\":\"11f9ae3d-d2fa-4987-a53a-6eb56bd79a7d\",\"sessionToken\":\"MEI4NUJBOTcxNzY2ODU3QTMxNzlDQjUzQURBQjI0NzJ+Q2hlY2tl\"},\"appzillonBody\":{\"userId\":1}}
2026-08-25 12:46:14,977 DEBUG                                          [APPID:Checke] [OSTYPE:WEB] [TXNREF:1d89bc0b-ed12-4e49-a6ed-efbfad6343cc]
							[USERID:null] [REST] => Loading appzillon-server_commons.properties.
2026-08-25 12:46:14,977 DEBUG                                          [APPID:Checke] [OSTYPE:WEB] [TXNREF:1d89bc0b-ed12-4e49-a6ed-efbfad6343cc]
							[USERID:null] [REST] => Property utils for this commons app id is already initialized
2026-08-25 12:46:14,977 DEBUG class com.iexceed.appzillon.securityutils.RSACryptoUtils [APPID:Checke] [OSTYPE:WEB] [TXNREF:1d89bc0b-ed12-4e49-a6ed-efbfad6343cc]
							[USERID:null] [RESTFull Services] => Encryption Required :N Encryption flag in http request object: null
2026-08-25 12:46:14,978 DEBUG                                          [APPID:Checke] [OSTYPE:WEB] [TXNREF:1d89bc0b-ed12-4e49-a6ed-efbfad6343cc]
							[USERID:null] [REST] => Loading appzillon-server_Checke.properties.
2026-08-25 12:46:14,978 DEBUG                                          [APPID:Checke] [OSTYPE:WEB] [TXNREF:1d89bc0b-ed12-4e49-a6ed-efbfad6343cc]
							[USERID:null] [REST] => Property utils for this Checke app id is already initialized
2026-08-25 12:46:14,978 DEBUG class com.iexceed.appzillon.securityutils.RSACryptoUtils [APPID:Checke] [OSTYPE:WEB] [TXNREF:1d89bc0b-ed12-4e49-a6ed-efbfad6343cc]
							[USERID:null] [RESTFull Services] => replayAttackFlag for request:null
2026-08-25 12:46:14,978 DEBUG class com.iexceed.appzillon.securityutils.RSACryptoUtils [APPID:Checke] [OSTYPE:WEB] [TXNREF:1d89bc0b-ed12-4e49-a6ed-efbfad6343cc]
							[USERID:null] [RESTFull Services] => Decrypted inputString:{\"appzillonHeader\":{\"appId\":\"Checke\",\"sessionId\":\"\",\"deviceId\":\"WEB\",\"requestId\":\"PROC_2\",\"async\":false,\"userId\":null,\"status\":true,\"source\":\"APPZILLON\",\"interfaceId\":\"Checke__getAllBeneficiary\",\"os\":\"WEB\",\"clientNonce\":\"AbrmExtjPC\",\"serverNonce\":\"vj5CTFIt52rC9hHDLuuirVwP1787642009020\",\"origination\":\"0:0:0:0:0:0:0:1\",\"authToken\":\"\",\"isTokenRefreshed\":\"\",\"requestKey\":\"\",\"txnRefNo\":\"2e1897dc-0aea-40d9-a139-4e58ba816606\",\"sessionToken\":\"MEI4NUJBOTcxNzY2ODU3QTMxNzlDQjUzQURBQjI0NzJ+Q2hlY2tl\"},\"appzillonBody\":{\"userId\":1}}
2026-08-25 12:47:15,604 DEBUG                                          [APPID:Checke] [OSTYPE:WEB] [TXNREF:547ddd8d-be03-4668-9762-f17a55c056df]
							[USERID:null] [REST] => Loading appzillon-server_commons.properties.
2026-08-25 12:47:15,604 DEBUG                                          [APPID:Checke] [OSTYPE:WEB] [TXNREF:547ddd8d-be03-4668-9762-f17a55c056df]
							[USERID:null] [REST] => Property utils for this commons app id is already initialized
2026-08-25 12:47:15,610 DEBUG class com.iexceed.appzillon.securityutils.RSACryptoUtils [APPID:Checke] [OSTYPE:WEB] [TXNREF:547ddd8d-be03-4668-9762-f17a55c056df]
							[USERID:null] [RESTFull Services] => Encryption Required :N Encryption flag in http request object: null
2026-08-25 12:47:15,610 DEBUG                                          [APPID:Checke] [OSTYPE:WEB] [TXNREF:547ddd8d-be03-4668-9762-f17a55c056df]
							[USERID:null] [REST] => Loading appzillon-server_Checke.properties.
2026-08-25 12:47:15,610 DEBUG                                          [APPID:Checke] [OSTYPE:WEB] [TXNREF:547ddd8d-be03-4668-9762-f17a55c056df]
							[USERID:null] [REST] => Property utils for this Checke app id is already initialized
2026-08-25 12:47:15,610 DEBUG class com.iexceed.appzillon.securityutils.RSACryptoUtils [APPID:Checke] [OSTYPE:WEB] [TXNREF:547ddd8d-be03-4668-9762-f17a55c056df]
							[USERID:null] [RESTFull Services] => replayAttackFlag for request:null
2026-08-25 12:47:15,610 DEBUG class com.iexceed.appzillon.securityutils.RSACryptoUtils [APPID:Checke] [OSTYPE:WEB] [TXNREF:547ddd8d-be03-4668-9762-f17a55c056df]
							[USERID:null] [RESTFull Services] => Decrypted inputString:{\"appzillonHeader\":{\"appId\":\"Checke\",\"sessionId\":\"\",\"deviceId\":\"WEB\",\"requestId\":\"PROC_2\",\"async\":false,\"userId\":null,\"status\":true,\"source\":\"APPZILLON\",\"interfaceId\":\"Checke__getAllBeneficiary\",\"os\":\"WEB\",\"clientNonce\":\"KjlsRXzNcE\",\"serverNonce\":\"vj5CTFIt52rC9hHDLuuirVwP1787642009020\",\"origination\":\"0:0:0:0:0:0:0:1\",\"authToken\":\"\",\"isTokenRefreshed\":\"\",\"requestKey\":\"\",\"txnRefNo\":\"6274a9af-cc6c-4790-8799-05c97e73f741\",\"sessionToken\":\"MEI4NUJBOTcxNzY2ODU3QTMxNzlDQjUzQURBQjI0NzJ+Q2hlY2tl\"},\"appzillonBody\":{\"userId\":1}}
2026-08-25 13:05:52,124 DEBUG                                          [] [] []
							[] [REST] => Loading appzillon-server_commons.properties.
2026-08-25 13:05:52,124 DEBUG                                          [] [] []
							[] [REST] => Property utils for this commons app id is already initialized
2026-08-25 13:05:52,124 DEBUG class com.iexceed.appzillon.securityutils.RSACryptoUtils [] [] []
							[] [RESTFull Services] => Encryption Required :N Encryption flag in http request object: null
2026-08-25 13:05:52,137 DEBUG                                          [] [] []
							[] [REST] => Loading appzillon-server_Checke.properties.
2026-08-25 13:05:52,137 DEBUG                                          [] [] []
							[] [REST] => Property utils for this Checke app id is already initialized
2026-08-25 13:05:52,137 DEBUG class com.iexceed.appzillon.securityutils.RSACryptoUtils [] [] []
							[] [RESTFull Services] => replayAttackFlag for request:null
2026-08-25 13:05:52,137 DEBUG class com.iexceed.appzillon.securityutils.RSACryptoUtils [] [] []
							[] [RESTFull Services] => Decrypted inputString:{\"appzillonHeader\":{\"appId\":\"Checke\",\"sessionId\":\"\",\"deviceId\":\"WEB\",\"requestId\":\"CSNONCE\",\"async\":false,\"userId\":null,\"screenId\":\"\",\"status\":true,\"source\":\"APPZILLON\",\"interfaceId\":\"appzillonGetAppSecTokens\",\"os\":\"SIMULATOR\",\"origination\":\"0:0:0:0:0:0:0:1\",\"authToken\":\"\",\"isTokenRefreshed\":\"\",\"txnRefNo\":\"9fe81653-66f3-4c48-8a3c-713fd536fad2\"},\"appzillonBody\":{\"appzillonGetAppSecTokensRequest\":{\"appId\":\"Checke\",\"deviceId\":\"F7AC0504E50DAABA91EA03494A6BBCFE\"}}}
2026-08-25 13:06:20,300 DEBUG                                          [] [] []
							[] [REST] => Loading appzillon-server_commons.properties.
2026-08-25 13:06:20,300 DEBUG                                          [] [] []
							[] [REST] => Property utils for this commons app id is already initialized
2026-08-25 13:06:20,301 DEBUG class com.iexceed.appzillon.securityutils.RSACryptoUtils [] [] []
							[] [RESTFull Services] => Encryption Required :N Encryption flag in http request object: null
2026-08-25 13:06:20,302 DEBUG                                          [] [] []
							[] [REST] => Loading appzillon-server_Checke.properties.
2026-08-25 13:06:20,302 DEBUG                                          [] [] []
							[] [REST] => Property utils for this Checke app id is already initialized
2026-08-25 13:06:20,302 DEBUG class com.iexceed.appzillon.securityutils.RSACryptoUtils [] [] []
							[] [RESTFull Services] => replayAttackFlag for request:null
2026-08-25 13:06:20,302 DEBUG class com.iexceed.appzillon.securityutils.RSACryptoUtils [] [] []
							[] [RESTFull Services] => Decrypted inputString:{\"appzillonHeader\":{\"appId\":\"Checke\",\"sessionId\":\"\",\"deviceId\":\"WEB\",\"requestId\":\"PROC_2\",\"async\":false,\"userId\":null,\"status\":true,\"source\":\"APPZILLON\",\"interfaceId\":\"Checke__getAccounts\",\"os\":\"WEB\",\"clientNonce\":\"JNZhuPocwp\",\"serverNonce\":\"nILrw55O32nsQqvg481lzXU81787643352206\",\"origination\":\"0:0:0:0:0:0:0:1\",\"authToken\":\"\",\"isTokenRefreshed\":\"\",\"requestKey\":\"\",\"txnRefNo\":\"60917b38-2da0-44c3-9ba7-6561067754d8\",\"sessionToken\":\"RjdBQzA1MDRFNTBEQUFCQTkxRUEwMzQ5NEE2QkJDRkV+Q2hlY2tl\"},\"appzillonBody\":{\"userId\":1}}
2026-08-25 13:06:24,189 DEBUG                                          [APPID:Checke] [OSTYPE:WEB] [TXNREF:60917b38-2da0-44c3-9ba7-6561067754d8]
							[USERID:null] [REST] => Loading appzillon-server_commons.properties.
2026-08-25 13:06:24,189 DEBUG                                          [APPID:Checke] [OSTYPE:WEB] [TXNREF:60917b38-2da0-44c3-9ba7-6561067754d8]
							[USERID:null] [REST] => Property utils for this commons app id is already initialized
2026-08-25 13:06:24,189 DEBUG class com.iexceed.appzillon.securityutils.RSACryptoUtils [APPID:Checke] [OSTYPE:WEB] [TXNREF:60917b38-2da0-44c3-9ba7-6561067754d8]
							[USERID:null] [RESTFull Services] => Encryption Required :N Encryption flag in http request object: null
2026-08-25 13:06:24,189 DEBUG                                          [APPID:Checke] [OSTYPE:WEB] [TXNREF:60917b38-2da0-44c3-9ba7-6561067754d8]
							[USERID:null] [REST] => Loading appzillon-server_Checke.properties.
2026-08-25 13:06:24,189 DEBUG                                          [APPID:Checke] [OSTYPE:WEB] [TXNREF:60917b38-2da0-44c3-9ba7-6561067754d8]
							[USERID:null] [REST] => Property utils for this Checke app id is already initialized
2026-08-25 13:06:24,189 DEBUG class com.iexceed.appzillon.securityutils.RSACryptoUtils [APPID:Checke] [OSTYPE:WEB] [TXNREF:60917b38-2da0-44c3-9ba7-6561067754d8]
							[USERID:null] [RESTFull Services] => replayAttackFlag for request:null
2026-08-25 13:06:24,189 DEBUG class com.iexceed.appzillon.securityutils.RSACryptoUtils [APPID:Checke] [OSTYPE:WEB] [TXNREF:60917b38-2da0-44c3-9ba7-6561067754d8]
							[USERID:null] [RESTFull Services] => Decrypted inputString:{\"appzillonHeader\":{\"appId\":\"Checke\",\"sessionId\":\"\",\"deviceId\":\"WEB\",\"requestId\":\"PROC_5\",\"async\":false,\"userId\":null,\"status\":true,\"source\":\"APPZILLON\",\"interfaceId\":\"Checke__getAllBeneficiary\",\"os\":\"WEB\",\"clientNonce\":\"cDvvfFHDKC\",\"serverNonce\":\"nILrw55O32nsQqvg481lzXU81787643352206\",\"origination\":\"0:0:0:0:0:0:0:1\",\"authToken\":\"\",\"isTokenRefreshed\":\"\",\"requestKey\":\"\",\"txnRefNo\":\"98ed616c-77c1-498f-aef6-8d2dc7bce800\",\"sessionToken\":\"RjdBQzA1MDRFNTBEQUFCQTkxRUEwMzQ5NEE2QkJDRkV+Q2hlY2tl\"},\"appzillonBody\":{\"userId\":1}}
2026-08-25 13:06:27,007 DEBUG                                          [APPID:Checke] [OSTYPE:SIMULATOR] [TXNREF:9fe81653-66f3-4c48-8a3c-713fd536fad2]
							[USERID:null] [REST] => Loading appzillon-server_commons.properties.
2026-08-25 13:06:27,007 DEBUG                                          [APPID:Checke] [OSTYPE:SIMULATOR] [TXNREF:9fe81653-66f3-4c48-8a3c-713fd536fad2]
							[USERID:null] [REST] => Property utils for this commons app id is already initialized
2026-08-25 13:06:27,007 DEBUG class com.iexceed.appzillon.securityutils.RSACryptoUtils [APPID:Checke] [OSTYPE:SIMULATOR] [TXNREF:9fe81653-66f3-4c48-8a3c-713fd536fad2]
							[USERID:null] [RESTFull Services] => Encryption Required :N Encryption flag in http request object: null
2026-08-25 13:06:27,029 DEBUG                                          [APPID:Checke] [OSTYPE:SIMULATOR] [TXNREF:9fe81653-66f3-4c48-8a3c-713fd536fad2]
							[USERID:null] [REST] => Loading appzillon-server_Checke.properties.
2026-08-25 13:06:27,029 DEBUG                                          [APPID:Checke] [OSTYPE:SIMULATOR] [TXNREF:9fe81653-66f3-4c48-8a3c-713fd536fad2]
							[USERID:null] [REST] => Property utils for this Checke app id is already initialized
2026-08-25 13:06:27,029 DEBUG class com.iexceed.appzillon.securityutils.RSACryptoUtils [APPID:Checke] [OSTYPE:SIMULATOR] [TXNREF:9fe81653-66f3-4c48-8a3c-713fd536fad2]
							[USERID:null] [RESTFull Services] => replayAttackFlag for request:null
2026-08-25 13:06:27,031 DEBUG class com.iexceed.appzillon.securityutils.RSACryptoUtils [APPID:Checke] [OSTYPE:SIMULATOR] [TXNREF:9fe81653-66f3-4c48-8a3c-713fd536fad2]
							[USERID:null] [RESTFull Services] => Decrypted inputString:{\"appzillonHeader\":{\"appId\":\"Checke\",\"sessionId\":\"\",\"deviceId\":\"WEB\",\"requestId\":\"PROC_8\",\"async\":false,\"userId\":null,\"status\":true,\"source\":\"APPZILLON\",\"interfaceId\":\"Checke__initiateTransaction\",\"os\":\"WEB\",\"clientNonce\":\"XQdvNHZhtC\",\"serverNonce\":\"nILrw55O32nsQqvg481lzXU81787643352206\",\"origination\":\"0:0:0:0:0:0:0:1\",\"authToken\":\"\",\"isTokenRefreshed\":\"\",\"requestKey\":\"\",\"txnRefNo\":\"4b5f9b9b-add4-4a0b-aa93-4cd105f7b911\",\"sessionToken\":\"RjdBQzA1MDRFNTBEQUFCQTkxRUEwMzQ5NEE2QkJDRkV+Q2hlY2tl\"},\"appzillonBody\":{\"makerId\":1,\"debitAccountId\":\"1\",\"beneficiaryId\":\"1\",\"amount\":\"20\",\"transactionType\":\"FUND_TRANSFER\",\"remarks\":\"tea\"}}
2026-08-25 13:06:35,927 DEBUG                                          [] [] []
							[] [REST] => Loading appzillon-server_commons.properties.
2026-08-25 13:06:35,927 DEBUG                                          [] [] []
							[] [REST] => Property utils for this commons app id is already initialized
2026-08-25 13:06:35,927 DEBUG class com.iexceed.appzillon.securityutils.RSACryptoUtils [] [] []
							[] [RESTFull Services] => Encryption Required :N Encryption flag in http request object: null
2026-08-25 13:06:35,929 DEBUG                                          [] [] []
							[] [REST] => Loading appzillon-server_Checke.properties.
2026-08-25 13:06:35,929 DEBUG                                          [] [] []
							[] [REST] => Property utils for this Checke app id is already initialized
2026-08-25 13:06:35,931 DEBUG class com.iexceed.appzillon.securityutils.RSACryptoUtils [] [] []
							[] [RESTFull Services] => replayAttackFlag for request:null
2026-08-25 13:06:35,931 DEBUG class com.iexceed.appzillon.securityutils.RSACryptoUtils [] [] []
							[] [RESTFull Services] => Decrypted inputString:{\"appzillonHeader\":{\"appId\":\"Checke\",\"sessionId\":\"\",\"deviceId\":\"WEB\",\"requestId\":\"PROC_2\",\"async\":false,\"userId\":null,\"status\":true,\"source\":\"APPZILLON\",\"interfaceId\":\"Checke__getAllPending\",\"os\":\"WEB\",\"clientNonce\":\"iGlJMfgPBm\",\"serverNonce\":\"nILrw55O32nsQqvg481lzXU81787643352206\",\"origination\":\"0:0:0:0:0:0:0:1\",\"authToken\":\"\",\"isTokenRefreshed\":\"\",\"requestKey\":\"\",\"txnRefNo\":\"3eb2f13a-1eb5-4058-ba86-4f2edb865da6\",\"sessionToken\":\"RjdBQzA1MDRFNTBEQUFCQTkxRUEwMzQ5NEE2QkJDRkV+Q2hlY2tl\"},\"appzillonBody\":{\"checkerId\":201}}
2026-08-25 13:06:53,925 DEBUG                                          [APPID:Checke] [OSTYPE:WEB] [TXNREF:fac03236-a8b9-4b01-a8af-f4f9b1e59748]
							[USERID:null] [REST] => Loading appzillon-server_commons.properties.
2026-08-25 13:06:53,925 DEBUG                                          [APPID:Checke] [OSTYPE:WEB] [TXNREF:fac03236-a8b9-4b01-a8af-f4f9b1e59748]
							[USERID:null] [REST] => Property utils for this commons app id is already initialized
2026-08-25 13:06:53,927 DEBUG class com.iexceed.appzillon.securityutils.RSACryptoUtils [APPID:Checke] [OSTYPE:WEB] [TXNREF:fac03236-a8b9-4b01-a8af-f4f9b1e59748]
							[USERID:null] [RESTFull Services] => Encryption Required :N Encryption flag in http request object: null
2026-08-25 13:06:53,929 DEBUG                                          [APPID:Checke] [OSTYPE:WEB] [TXNREF:fac03236-a8b9-4b01-a8af-f4f9b1e59748]
							[USERID:null] [REST] => Loading appzillon-server_Checke.properties.
2026-08-25 13:06:53,929 DEBUG                                          [APPID:Checke] [OSTYPE:WEB] [TXNREF:fac03236-a8b9-4b01-a8af-f4f9b1e59748]
							[USERID:null] [REST] => Property utils for this Checke app id is already initialized
2026-08-25 13:06:53,929 DEBUG class com.iexceed.appzillon.securityutils.RSACryptoUtils [APPID:Checke] [OSTYPE:WEB] [TXNREF:fac03236-a8b9-4b01-a8af-f4f9b1e59748]
							[USERID:null] [RESTFull Services] => replayAttackFlag for request:null
2026-08-25 13:06:53,929 DEBUG class com.iexceed.appzillon.securityutils.RSACryptoUtils [APPID:Checke] [OSTYPE:WEB] [TXNREF:fac03236-a8b9-4b01-a8af-f4f9b1e59748]
							[USERID:null] [RESTFull Services] => Decrypted inputString:{\"appzillonHeader\":{\"appId\":\"Checke\",\"sessionId\":\"\",\"deviceId\":\"WEB\",\"requestId\":\"PROC_5\",\"async\":false,\"userId\":null,\"status\":true,\"source\":\"APPZILLON\",\"interfaceId\":\"Checke__Approve\",\"os\":\"WEB\",\"clientNonce\":\"ojCjXyxyNT\",\"serverNonce\":\"nILrw55O32nsQqvg481lzXU81787643352206\",\"origination\":\"0:0:0:0:0:0:0:1\",\"authToken\":\"\",\"isTokenRefreshed\":\"\",\"requestKey\":\"\",\"txnRefNo\":\"49ff0676-62a2-4b49-9a28-f7364cde40d5\",\"sessionToken\":\"RjdBQzA1MDRFNTBEQUFCQTkxRUEwMzQ5NEE2QkJDRkV+Q2hlY2tl\"},\"appzillonBody\":{\"checkerId\":201,\"transactionId\":\"TXN100007\"}}
2026-08-25 13:08:23,132 DEBUG                                          [] [] []
							[] [REST] => Loading appzillon-server_commons.properties.
2026-08-25 13:08:23,132 DEBUG                                          [] [] []
							[] [REST] => Property utils for this commons app id is already initialized
2026-08-25 13:08:23,132 DEBUG class com.iexceed.appzillon.securityutils.RSACryptoUtils [] [] []
							[] [RESTFull Services] => Encryption Required :N Encryption flag in http request object: null
2026-08-25 13:08:23,135 DEBUG                                          [] [] []
							[] [REST] => Loading appzillon-server_Checke.properties.
2026-08-25 13:08:23,135 DEBUG                                          [] [] []
							[] [REST] => Property utils for this Checke app id is already initialized
2026-08-25 13:08:23,135 DEBUG class com.iexceed.appzillon.securityutils.RSACryptoUtils [] [] []
							[] [RESTFull Services] => replayAttackFlag for request:null
2026-08-25 13:08:23,135 DEBUG class com.iexceed.appzillon.securityutils.RSACryptoUtils [] [] []
							[] [RESTFull Services] => Decrypted inputString:{\"appzillonHeader\":{\"appId\":\"Checke\",\"sessionId\":\"\",\"deviceId\":\"WEB\",\"requestId\":\"CSNONCE\",\"async\":false,\"userId\":null,\"screenId\":\"\",\"status\":true,\"source\":\"APPZILLON\",\"interfaceId\":\"appzillonGetAppSecTokens\",\"os\":\"SIMULATOR\",\"origination\":\"0:0:0:0:0:0:0:1\",\"authToken\":\"\",\"isTokenRefreshed\":\"\",\"txnRefNo\":\"bd7f0222-f89e-4d5b-a8aa-f129db1a4c0a\"},\"appzillonBody\":{\"appzillonGetAppSecTokensRequest\":{\"appId\":\"Checke\",\"deviceId\":\"A85F975336E9D64B4011BB3AAC801E5D\"}}}
2026-08-25 13:09:31,242 DEBUG                                          [APPID:Checke] [OSTYPE:WEB] [TXNREF:11f9ae3d-d2fa-4987-a53a-6eb56bd79a7d]
							[USERID:null] [REST] => Loading appzillon-server_commons.properties.
2026-08-25 13:09:31,244 DEBUG                                          [APPID:Checke] [OSTYPE:WEB] [TXNREF:11f9ae3d-d2fa-4987-a53a-6eb56bd79a7d]
							[USERID:null] [REST] => Property utils for this commons app id is already initialized
2026-08-25 13:09:31,244 DEBUG class com.iexceed.appzillon.securityutils.RSACryptoUtils [APPID:Checke] [OSTYPE:WEB] [TXNREF:11f9ae3d-d2fa-4987-a53a-6eb56bd79a7d]
							[USERID:null] [RESTFull Services] => Encryption Required :N Encryption flag in http request object: null
2026-08-25 13:09:31,248 DEBUG                                          [APPID:Checke] [OSTYPE:WEB] [TXNREF:11f9ae3d-d2fa-4987-a53a-6eb56bd79a7d]
							[USERID:null] [REST] => Loading appzillon-server_Checke.properties.
2026-08-25 13:09:31,248 DEBUG                                          [APPID:Checke] [OSTYPE:WEB] [TXNREF:11f9ae3d-d2fa-4987-a53a-6eb56bd79a7d]
							[USERID:null] [REST] => Property utils for this Checke app id is already initialized
2026-08-25 13:09:31,250 DEBUG class com.iexceed.appzillon.securityutils.RSACryptoUtils [APPID:Checke] [OSTYPE:WEB] [TXNREF:11f9ae3d-d2fa-4987-a53a-6eb56bd79a7d]
							[USERID:null] [RESTFull Services] => replayAttackFlag for request:null
2026-08-25 13:09:31,250 DEBUG class com.iexceed.appzillon.securityutils.RSACryptoUtils [APPID:Checke] [OSTYPE:WEB] [TXNREF:11f9ae3d-d2fa-4987-a53a-6eb56bd79a7d]
							[USERID:null] [RESTFull Services] => Decrypted inputString:{\"appzillonHeader\":{\"appId\":\"Checke\",\"sessionId\":\"\",\"deviceId\":\"WEB\",\"requestId\":\"CSNONCE\",\"async\":false,\"userId\":null,\"screenId\":\"\",\"status\":true,\"source\":\"APPZILLON\",\"interfaceId\":\"appzillonGetAppSecTokens\",\"os\":\"SIMULATOR\",\"origination\":\"0:0:0:0:0:0:0:1\",\"authToken\":\"\",\"isTokenRefreshed\":\"\",\"txnRefNo\":\"c6201241-38a0-4ba5-bba4-07724a028b0a\"},\"appzillonBody\":{\"appzillonGetAppSecTokensRequest\":{\"appId\":\"Checke\",\"deviceId\":\"5EEDD197D7CEED95FC61CB2549ED5D20\"}}}
2026-08-25 13:09:36,876 DEBUG                                          [APPID:Checke] [OSTYPE:WEB] [TXNREF:49ff0676-62a2-4b49-9a28-f7364cde40d5]
							[USERID:null] [REST] => Loading appzillon-server_commons.properties.
2026-08-25 13:09:36,878 DEBUG                                          [APPID:Checke] [OSTYPE:WEB] [TXNREF:49ff0676-62a2-4b49-9a28-f7364cde40d5]
							[USERID:null] [REST] => Property utils for this commons app id is already initialized
2026-08-25 13:09:36,878 DEBUG class com.iexceed.appzillon.securityutils.RSACryptoUtils [APPID:Checke] [OSTYPE:WEB] [TXNREF:49ff0676-62a2-4b49-9a28-f7364cde40d5]
							[USERID:null] [RESTFull Services] => Encryption Required :N Encryption flag in http request object: null
2026-08-25 13:09:36,902 DEBUG                                          [APPID:Checke] [OSTYPE:WEB] [TXNREF:49ff0676-62a2-4b49-9a28-f7364cde40d5]
							[USERID:null] [REST] => Loading appzillon-server_Checke.properties.
2026-08-25 13:09:36,902 DEBUG                                          [APPID:Checke] [OSTYPE:WEB] [TXNREF:49ff0676-62a2-4b49-9a28-f7364cde40d5]
							[USERID:null] [REST] => Property utils for this Checke app id is already initialized
2026-08-25 13:09:36,902 DEBUG class com.iexceed.appzillon.securityutils.RSACryptoUtils [APPID:Checke] [OSTYPE:WEB] [TXNREF:49ff0676-62a2-4b49-9a28-f7364cde40d5]
							[USERID:null] [RESTFull Services] => replayAttackFlag for request:null
2026-08-25 13:09:36,902 DEBUG class com.iexceed.appzillon.securityutils.RSACryptoUtils [APPID:Checke] [OSTYPE:WEB] [TXNREF:49ff0676-62a2-4b49-9a28-f7364cde40d5]
							[USERID:null] [RESTFull Services] => Decrypted inputString:{\"appzillonHeader\":{\"appId\":\"Checke\",\"sessionId\":\"\",\"deviceId\":\"WEB\",\"requestId\":\"PROC_2\",\"async\":false,\"userId\":null,\"status\":true,\"source\":\"APPZILLON\",\"interfaceId\":\"Checke__getAccounts\",\"os\":\"WEB\",\"clientNonce\":\"gasHZXNYVP\",\"serverNonce\":\"CkiUrTuIpaN5wGBo60e78KcE1787643571276\",\"origination\":\"0:0:0:0:0:0:0:1\",\"authToken\":\"\",\"isTokenRefreshed\":\"\",\"requestKey\":\"\",\"txnRefNo\":\"3b60e278-c226-431d-b4e0-ba52a0a595f5\",\"sessionToken\":\"NUVFREQxOTdEN0NFRUQ5NUZDNjFDQjI1NDlFRDVEMjB+Q2hlY2tl\"},\"appzillonBody\":{\"userId\":1}}
2026-08-25 13:09:38,757 DEBUG                                          [APPID:Checke] [OSTYPE:WEB] [TXNREF:4b5f9b9b-add4-4a0b-aa93-4cd105f7b911]
							[USERID:null] [REST] => Loading appzillon-server_commons.properties.
2026-08-25 13:09:38,765 DEBUG                                          [APPID:Checke] [OSTYPE:WEB] [TXNREF:4b5f9b9b-add4-4a0b-aa93-4cd105f7b911]
							[USERID:null] [REST] => Property utils for this commons app id is already initialized
2026-08-25 13:09:38,765 DEBUG class com.iexceed.appzillon.securityutils.RSACryptoUtils [APPID:Checke] [OSTYPE:WEB] [TXNREF:4b5f9b9b-add4-4a0b-aa93-4cd105f7b911]
							[USERID:null] [RESTFull Services] => Encryption Required :N Encryption flag in http request object: null
2026-08-25 13:09:38,765 DEBUG                                          [APPID:Checke] [OSTYPE:WEB] [TXNREF:4b5f9b9b-add4-4a0b-aa93-4cd105f7b911]
							[USERID:null] [REST] => Loading appzillon-server_Checke.properties.
2026-08-25 13:09:38,767 DEBUG                                          [APPID:Checke] [OSTYPE:WEB] [TXNREF:4b5f9b9b-add4-4a0b-aa93-4cd105f7b911]
							[USERID:null] [REST] => Property utils for this Checke app id is already initialized
2026-08-25 13:09:38,767 DEBUG class com.iexceed.appzillon.securityutils.RSACryptoUtils [APPID:Checke] [OSTYPE:WEB] [TXNREF:4b5f9b9b-add4-4a0b-aa93-4cd105f7b911]
							[USERID:null] [RESTFull Services] => replayAttackFlag for request:null
2026-08-25 13:09:38,767 DEBUG class com.iexceed.appzillon.securityutils.RSACryptoUtils [APPID:Checke] [OSTYPE:WEB] [TXNREF:4b5f9b9b-add4-4a0b-aa93-4cd105f7b911]
							[USERID:null] [RESTFull Services] => Decrypted inputString:{\"appzillonHeader\":{\"appId\":\"Checke\",\"sessionId\":\"\",\"deviceId\":\"WEB\",\"requestId\":\"PROC_5\",\"async\":false,\"userId\":null,\"status\":true,\"source\":\"APPZILLON\",\"interfaceId\":\"Checke__getAllBeneficiary\",\"os\":\"WEB\",\"clientNonce\":\"FyrBjqIKNe\",\"serverNonce\":\"CkiUrTuIpaN5wGBo60e78KcE1787643571276\",\"origination\":\"0:0:0:0:0:0:0:1\",\"authToken\":\"\",\"isTokenRefreshed\":\"\",\"requestKey\":\"\",\"txnRefNo\":\"a460bc0b-a54a-4f62-aadf-1a3e872d0de7\",\"sessionToken\":\"NUVFREQxOTdEN0NFRUQ5NUZDNjFDQjI1NDlFRDVEMjB+Q2hlY2tl\"},\"appzillonBody\":{\"userId\":1}}
2026-08-25 13:09:38,967 DEBUG                                          [APPID:Checke] [OSTYPE:WEB] [TXNREF:98ed616c-77c1-498f-aef6-8d2dc7bce800]
							[USERID:null] [REST] => Loading appzillon-server_commons.properties.
2026-08-25 13:09:38,967 DEBUG                                          [APPID:Checke] [OSTYPE:WEB] [TXNREF:98ed616c-77c1-498f-aef6-8d2dc7bce800]
							[USERID:null] [REST] => Property utils for this commons app id is already initialized
2026-08-25 13:09:38,967 DEBUG class com.iexceed.appzillon.securityutils.RSACryptoUtils [APPID:Checke] [OSTYPE:WEB] [TXNREF:98ed616c-77c1-498f-aef6-8d2dc7bce800]
							[USERID:null] [RESTFull Services] => Encryption Required :N Encryption flag in http request object: null
2026-08-25 13:09:38,967 DEBUG                                          [APPID:Checke] [OSTYPE:WEB] [TXNREF:98ed616c-77c1-498f-aef6-8d2dc7bce800]
							[USERID:null] [REST] => Loading appzillon-server_Checke.properties.
2026-08-25 13:09:38,967 DEBUG                                          [APPID:Checke] [OSTYPE:WEB] [TXNREF:98ed616c-77c1-498f-aef6-8d2dc7bce800]
							[USERID:null] [REST] => Property utils for this Checke app id is already initialized
2026-08-25 13:09:38,967 DEBUG class com.iexceed.appzillon.securityutils.RSACryptoUtils [APPID:Checke] [OSTYPE:WEB] [TXNREF:98ed616c-77c1-498f-aef6-8d2dc7bce800]
							[USERID:null] [RESTFull Services] => replayAttackFlag for request:null
2026-08-25 13:09:38,967 DEBUG class com.iexceed.appzillon.securityutils.RSACryptoUtils [APPID:Checke] [OSTYPE:WEB] [TXNREF:98ed616c-77c1-498f-aef6-8d2dc7bce800]
							[USERID:null] [RESTFull Services] => Decrypted inputString:{\"appzillonHeader\":{\"appId\":\"Checke\",\"sessionId\":\"\",\"deviceId\":\"WEB\",\"requestId\":\"PROC_8\",\"async\":false,\"userId\":null,\"status\":true,\"source\":\"APPZILLON\",\"interfaceId\":\"Checke__initiateTransaction\",\"os\":\"WEB\",\"clientNonce\":\"FUIMgtEFyG\",\"serverNonce\":\"CkiUrTuIpaN5wGBo60e78KcE1787643571276\",\"origination\":\"0:0:0:0:0:0:0:1\",\"authToken\":\"\",\"isTokenRefreshed\":\"\",\"requestKey\":\"\",\"txnRefNo\":\"49be90d1-74cc-4c56-89de-6ea6448a2ff5\",\"sessionToken\":\"NUVFREQxOTdEN0NFRUQ5NUZDNjFDQjI1NDlFRDVEMjB+Q2hlY2tl\"},\"appzillonBody\":{\"makerId\":1,\"debitAccountId\":\"1\",\"beneficiaryId\":\"1\",\"amount\":\"20\",\"transactionType\":\"FUND_TRANSFER\",\"remarks\":\"tea\"}}
2026-08-25 15:15:16,562 DEBUG                                          [] [] []
							[] [REST] => Loading appzillon-server_commons.properties.
2026-08-25 15:15:16,567 DEBUG                                          [] [] []
							[] [REST] => Property utils for this commons app id is already initialized
2026-08-25 15:15:16,567 DEBUG class com.iexceed.appzillon.securityutils.RSACryptoUtils [] [] []
							[] [RESTFull Services] => Encryption Required :N Encryption flag in http request object: null
2026-08-25 15:15:16,747 DEBUG                                          [] [] []
							[] [REST] => Loading appzillon-server_Checke.properties.
2026-08-25 15:15:16,747 DEBUG                                          [] [] []
							[] [REST] => Property utils for this Checke app id is already initialized
2026-08-25 15:15:16,747 DEBUG class com.iexceed.appzillon.securityutils.RSACryptoUtils [] [] []
							[] [RESTFull Services] => replayAttackFlag for request:null
2026-08-25 15:15:16,752 DEBUG class com.iexceed.appzillon.securityutils.RSACryptoUtils [] [] []
							[] [RESTFull Services] => Decrypted inputString:{\"appzillonHeader\":{\"appId\":\"Checke\",\"sessionId\":\"\",\"deviceId\":\"WEB\",\"requestId\":\"CSNONCE\",\"async\":false,\"userId\":null,\"screenId\":\"\",\"status\":true,\"source\":\"APPZILLON\",\"interfaceId\":\"appzillonGetAppSecTokens\",\"os\":\"SIMULATOR\",\"origination\":\"0:0:0:0:0:0:0:1\",\"authToken\":\"\",\"isTokenRefreshed\":\"\",\"txnRefNo\":\"78ad61d2-0717-4de8-8e17-0ed76c2cf681\"},\"appzillonBody\":{\"appzillonGetAppSecTokensRequest\":{\"appId\":\"Checke\",\"deviceId\":\"7CE8A7A9A78C105AC6D9F52D2AED644D\"}}}
2026-08-25 15:16:11,109 DEBUG                                          [] [] []
							[] [REST] => Loading appzillon-server_commons.properties.
2026-08-25 15:16:11,113 DEBUG                                          [] [] []
							[] [REST] => Property utils for this commons app id is already initialized
2026-08-25 15:16:11,113 DEBUG class com.iexceed.appzillon.securityutils.RSACryptoUtils [] [] []
							[] [RESTFull Services] => Encryption Required :N Encryption flag in http request object: null
2026-08-25 15:16:11,113 DEBUG                                          [] [] []
							[] [REST] => Loading appzillon-server_Checke.properties.
2026-08-25 15:16:11,113 DEBUG                                          [] [] []
							[] [REST] => Property utils for this Checke app id is already initialized
2026-08-25 15:16:11,113 DEBUG class com.iexceed.appzillon.securityutils.RSACryptoUtils [] [] []
							[] [RESTFull Services] => replayAttackFlag for request:null
2026-08-25 15:16:11,113 DEBUG class com.iexceed.appzillon.securityutils.RSACryptoUtils [] [] []
							[] [RESTFull Services] => Decrypted inputString:{\"appzillonHeader\":{\"appId\":\"Checke\",\"sessionId\":\"\",\"deviceId\":\"WEB\",\"requestId\":\"PROC_2\",\"async\":false,\"userId\":null,\"status\":true,\"source\":\"APPZILLON\",\"interfaceId\":\"Checke__getAllPending\",\"os\":\"WEB\",\"clientNonce\":\"BcblCyDIsL\",\"serverNonce\":\"u9BbsyzIbcZgjDAAjkLpnOFM1787651118286\",\"origination\":\"0:0:0:0:0:0:0:1\",\"authToken\":\"\",\"isTokenRefreshed\":\"\",\"requestKey\":\"\",\"txnRefNo\":\"2ad442c0-d60f-42a2-863e-d1deebf6ce8b\",\"sessionToken\":\"N0NFOEE3QTlBNzhDMTA1QUM2RDlGNTJEMkFFRDY0NER+Q2hlY2tl\"},\"appzillonBody\":{\"checkerId\":201}}
